// Jest Snapshot v1, https://goo.gl/fbAQLP

exports[`Login matches its snapshot 1`] = `<Connect(Login) />`;
