// Jest Snapshot v1, https://goo.gl/fbAQLP

exports[`Signup matches its snapshot 1`] = `<Connect(Signup) />`;
