// Jest Snapshot v1, https://goo.gl/fbAQLP

exports[`Show matches its snapshot 1`] = `<Connect(Profile) />`;
