// Jest Snapshot v1, https://goo.gl/fbAQLP

exports[`Button matches its snapshot 1`] = `<Button />`;
