// Jest Snapshot v1, https://goo.gl/fbAQLP

exports[`Card matches its snapshot 1`] = `<Connect(Card) />`;
