// Jest Snapshot v1, https://goo.gl/fbAQLP

exports[`Feedback matches its snapshot 1`] = `<Feedback />`;
