// Jest Snapshot v1, https://goo.gl/fbAQLP

exports[`Error matches its snapshot 1`] = `<Connect(Error) />`;
