// Jest Snapshot v1, https://goo.gl/fbAQLP

exports[`Footer matches its snapshot 1`] = `<Connect(Footer) />`;
