// Jest Snapshot v1, https://goo.gl/fbAQLP

exports[`Input matches its snapshot 1`] = `<Input />`;
