// Jest Snapshot v1, https://goo.gl/fbAQLP

exports[`Menu matches its snapshot 1`] = `<Connect(Menu) />`;
