// Jest Snapshot v1, https://goo.gl/fbAQLP

exports[`Spinner matches its snapshot 1`] = `<Connect(Spinner) />`;
